// Jest Snapshot v1, https://goo.gl/fbAQLP

exports[`App component renders App 1`] = `
<Fragment>
  <h2>
    My Puppy
  </h2>
  <PuppyPics />
  <Dog
    age={7}
    name="Pennie"
    weight="13lbs"
  />
</Fragment>
`;
