// Jest Snapshot v1, https://goo.gl/fbAQLP

exports[`PuppyPics component renders PuppyPics 1`] = `
<Fragment>
  <button
    className="puppyPics"
    disabled={true}
    onClick={[Function]}
  >
    ⇦
  </button>
  <img
    src="/path/image"
    style={
      Object {
        "border": "solid #FFFF99 5px",
        "height": "300px",
        "width": "300px",
      }
    }
  />
  <button
    disabled={false}
    onClick={[Function]}
    style={
      Object {
        "color": "#48D1CC",
      }
    }
  >
    ⇨
  </button>
</Fragment>
`;
